
> react-kavia@0.1.0 start
> react-scripts start

(node:13911) [DEP_WEBPACK_DEV_SERVER_ON_AFTER_SETUP_MIDDLEWARE] DeprecationWarning: 'onAfterSetupMiddleware' option is deprecated. Please use the 'setupMiddlewares' option.
(Use `node --trace-deprecation ...` to show where the warning was created)
(node:13911) [DEP_WEBPACK_DEV_SERVER_ON_BEFORE_SETUP_MIDDLEWARE] DeprecationWarning: 'onBeforeSetupMiddleware' option is deprecated. Please use the 'setupMiddlewares' option.
Starting the development server...

Compiled with warnings.

[eslint] 
src/App.js
  Line 4:8:  'Notification' is defined but never used  no-unused-vars

src/Notification.js
  Line 29:49:  The ref value 'notifRef.current' will likely have changed by the time this effect cleanup function runs. If this ref points to a node rendered by React, copy 'notifRef.current' to a variable inside the effect, and use that variable in the cleanup function  react-hooks/exhaustive-deps

src/TimetableGrid.js
  Line 27:10:   'getSlotIndex' is defined but never used    no-unused-vars
  Line 185:34:  'index' is assigned a value but never used  no-unused-vars
  Line 188:20:  '_' is assigned a value but never used      no-unused-vars

Search for the keywords to learn more about each warning.
To ignore, add // eslint-disable-next-line to the line before.

WARNING in [eslint] 
src/App.js
  Line 4:8:  'Notification' is defined but never used  no-unused-vars

src/Notification.js
  Line 29:49:  The ref value 'notifRef.current' will likely have changed by the time this effect cleanup function runs. If this ref points to a node rendered by React, copy 'notifRef.current' to a variable inside the effect, and use that variable in the cleanup function  react-hooks/exhaustive-deps

src/TimetableGrid.js
  Line 27:10:   'getSlotIndex' is defined but never used    no-unused-vars
  Line 185:34:  'index' is assigned a value but never used  no-unused-vars
  Line 188:20:  '_' is assigned a value but never used      no-unused-vars

webpack compiled with 1 warning
